14:28:13 **** Clean-only build of configuration Debug for project WinLifter ****
make -j4 clean 
rm -rf ./*/*.d ./*/*/*.d  ./*/*.o ./*/*/*.o   "WinLifter.siz"   "WinLifter.elf" 
 
14:28:15 **** Build of configuration Debug for project WinLifter ****
make -j4 all 
make: Warning: File 'objects.mk' has modification time 0.019 s in the future
Building file: ../Project_Settings/Startup_Code/startup.c
Building file: ../Project_Settings/Startup_Code/startup_S32K144.S
Executing target #1 ../Project_Settings/Startup_Code/startup.c
Building file: ../Project_Settings/Startup_Code/system_S32K144.c
Executing target #2 ../Project_Settings/Startup_Code/startup_S32K144.S
Invoking: Standard S32DS C Compiler
Executing target #3 ../Project_Settings/Startup_Code/system_S32K144.c
arm-none-eabi-gcc "@Project_Settings/Startup_Code/startup.args" -MMD -MP -MF"Project_Settings/Startup_Code/startup.d" -MT"Project_Settings/Startup_Code/startup.o" -c -o "Project_Settings/Startup_Code/startup.o" "../Project_Settings/Startup_Code/startup.c"
Invoking: Standard S32DS Assembler
arm-none-eabi-gcc "@Project_Settings/Startup_Code/startup_S32K144.args" -c -o "Project_Settings/Startup_Code/startup_S32K144.o" "../Project_Settings/Startup_Code/startup_S32K144.S"
Invoking: Standard S32DS C Compiler
arm-none-eabi-gcc "@Project_Settings/Startup_Code/system_S32K144.args" -MMD -MP -MF"Project_Settings/Startup_Code/system_S32K144.d" -MT"Project_Settings/Startup_Code/system_S32K144.o" -c -o "Project_Settings/Startup_Code/system_S32K144.o" "../Project_Settings/Startup_Code/system_S32K144.c"
Building file: ../src/buttons.c
Executing target #4 ../src/buttons.c
Invoking: Standard S32DS C Compiler
arm-none-eabi-gcc "@src/buttons.args" -MMD -MP -MF"src/buttons.d" -MT"src/buttons.o" -c -o "src/buttons.o" "../src/buttons.c"
Finished building: ../Project_Settings/Startup_Code/startup_S32K144.S
 
Building file: ../src/clocks_and_modes.c
Executing target #5 ../src/clocks_and_modes.c
Invoking: Standard S32DS C Compiler
arm-none-eabi-gcc "@src/clocks_and_modes.args" -MMD -MP -MF"src/clocks_and_modes.d" -MT"src/clocks_and_modes.o" -c -o "src/clocks_and_modes.o" "../src/clocks_and_modes.c"
Finished building: ../Project_Settings/Startup_Code/startup.c
 
Building file: ../src/cw.c
Finished building: ../Project_Settings/Startup_Code/system_S32K144.c
Finished building: ../src/buttons.c
Executing target #6 ../src/cw.c
 
 
Invoking: Standard S32DS C Compiler
arm-none-eabi-gcc "@src/cw.args" -MMD -MP -MF"src/cw.d" -MT"src/cw.o" -c -o "src/cw.o" "../src/cw.c"
Building file: ../src/initproyect.c
Building file: ../src/main.c
Executing target #7 ../src/initproyect.c
Executing target #8 ../src/main.c
Invoking: Standard S32DS C Compiler
arm-none-eabi-gcc "@src/initproyect.args" -MMD -MP -MF"src/initproyect.d" -MT"src/initproyect.o" -c -o "src/initproyect.o" "../src/initproyect.c"
Invoking: Standard S32DS C Compiler
arm-none-eabi-gcc "@src/main.args" -MMD -MP -MF"src/main.d" -MT"src/main.o" -c -o "src/main.o" "../src/main.c"
Finished building: ../src/clocks_and_modes.c
 
Building file: ../src/time100ms.c
Executing target #9 ../src/time100ms.c
Invoking: Standard S32DS C Compiler
arm-none-eabi-gcc "@src/time100ms.args" -MMD -MP -MF"src/time100ms.d" -MT"src/time100ms.o" -c -o "src/time100ms.o" "../src/time100ms.c"
Finished building: ../src/cw.c
Finished building: ../src/initproyect.c
 
 
Building file: ../src/windowleds.c
Executing target #10 ../src/windowleds.c
Invoking: Standard S32DS C Compiler
arm-none-eabi-gcc "@src/windowleds.args" -MMD -MP -MF"src/windowleds.d" -MT"src/windowleds.o" -c -o "src/windowleds.o" "../src/windowleds.c"
Finished building: ../src/main.c
Finished building: ../src/time100ms.c
 
 
Finished building: ../src/windowleds.c
 
Building target: WinLifter.elf
Executing target #11 WinLifter.elf
Invoking: Standard S32DS C Linker
arm-none-eabi-gcc -o "WinLifter.elf" "@WinLifter.args"   
Finished building target: WinLifter.elf
 
Executing target #12 WinLifter.siz
Invoking: Standard S32DS Print Size
arm-none-eabi-size --format=berkeley  WinLifter.elf 
   text	   data	    bss	    dec	    hex	filename
   3912	      0	   3088	   7000	   1b58	WinLifter.elf
Finished building: WinLifter.siz
 
make: warning:  Clock skew detected.  Your build may be incomplete.
14:35:43 **** Incremental Build of configuration Debug for project WinLifter ****
make -j4 all 
Executing target #12 WinLifter.siz
Invoking: Standard S32DS Print Size
arm-none-eabi-size --format=berkeley  WinLifter.elf 
   text	   data	    bss	    dec	    hex	filename
   3912	      0	   3088	   7000	   1b58	WinLifter.elf
Finished building: WinLifter.siz
 
14:35:49 **** Incremental Build of configuration Debug for project WinLifter ****
make -j4 all 
make: Warning: File 'objects.mk' has modification time 0.55 s in the future
Executing target #12 WinLifter.siz
Invoking: Standard S32DS Print Size
arm-none-eabi-size --format=berkeley  WinLifter.elf 
   text	   data	    bss	    dec	    hex	filename
   3912	      0	   3088	   7000	   1b58	WinLifter.elf
Finished building: WinLifter.siz
 
make: warning:  Clock skew detected.  Your build may be incomplete.
14:35:51 **** Incremental Build of configuration Debug for project WinLifter ****
make -j4 all 
make: Warning: File 'objects.mk' has modification time 0.23 s in the future
Executing target #12 WinLifter.siz
Invoking: Standard S32DS Print Size
arm-none-eabi-size --format=berkeley  WinLifter.elf 
   text	   data	    bss	    dec	    hex	filename
   3912	      0	   3088	   7000	   1b58	WinLifter.elf
Finished building: WinLifter.siz
 
make: warning:  Clock skew detected.  Your build may be incomplete.
14:36:15 **** Incremental Build of configuration Debug for project WinLifter ****
make -j4 all 
make: Warning: File 'objects.mk' has modification time 0.36 s in the future
Executing target #12 WinLifter.siz
Invoking: Standard S32DS Print Size
arm-none-eabi-size --format=berkeley  WinLifter.elf 
   text	   data	    bss	    dec	    hex	filename
   3912	      0	   3088	   7000	   1b58	WinLifter.elf
Finished building: WinLifter.siz
 
make: warning:  Clock skew detected.  Your build may be incomplete.
14:39:07 **** Incremental Build of configuration Debug for project WinLifter ****
make -j4 all 
Executing target #12 WinLifter.siz
Invoking: Standard S32DS Print Size
arm-none-eabi-size --format=berkeley  WinLifter.elf 
   text	   data	    bss	    dec	    hex	filename
   3912	      0	   3088	   7000	   1b58	WinLifter.elf
Finished building: WinLifter.siz
 
14:39:30 **** Incremental Build of configuration Debug for project WinLifter ****
make -j4 all 
make: Warning: File 'objects.mk' has modification time 1.1 s in the future
Executing target #12 WinLifter.siz
Invoking: Standard S32DS Print Size
arm-none-eabi-size --format=berkeley  WinLifter.elf 
   text	   data	    bss	    dec	    hex	filename
   3912	      0	   3088	   7000	   1b58	WinLifter.elf
Finished building: WinLifter.siz
 
make: warning:  Clock skew detected.  Your build may be incomplete.
