14:39:30 **** Incremental Build of configuration Debug for project WinLifter ****
make -j4 all 
make: Warning: File 'objects.mk' has modification time 1.1 s in the future
Executing target #12 WinLifter.siz
Invoking: Standard S32DS Print Size
arm-none-eabi-size --format=berkeley  WinLifter.elf 
   text	   data	    bss	    dec	    hex	filename
   3912	      0	   3088	   7000	   1b58	WinLifter.elf
Finished building: WinLifter.siz
 
make: warning:  Clock skew detected.  Your build may be incomplete.

14:39:31 Build Finished (took 387ms)

